python : C:\Users\asu
s\vibecraft-2.0-1\bac
kend\venv\Lib\site-pa
ckages\pydantic\_inte
rnal\_fields.py:149: 
UserWarning: Field 
"model_name" has 
conflict with 
protected namespace 
"model_".
At line:1 char:38
+ ... 
\Scripts\activate; 
python test_reco.py 
> test_output.txt 
2>&1; Get-Co ...
+                    
    ~~~~~~~~~~~~~~~~~
~~~~~~~~~~~~~~~~~~~~~
~~~~
    + CategoryInfo   
           : NotSpe  
  cified: (C:\User   
 s\asus\v...space    
 "model_".:Strin    
g) [], RemoteExc    
eption
    + FullyQualified 
   ErrorId : Native  
  CommandError
 

You may be able to 
resolve this warning 
by setting `model_con
fig['protected_namesp
aces'] = ()`.
  warnings.warn(
Testing POST /api/recommendations/venues
Traceback (most 
recent call last):
  File "C:\Users\asus
\vibecraft-2.0-1\back
end\venv\Lib\site-pac
kages\sqlalchemy\engi
ne\base.py", line 
1969, in 
_exec_single_context
    self.dialect.do_e
xecute(
  File "C:\Users\asus
\vibecraft-2.0-1\back
end\venv\Lib\site-pac
kages\sqlalchemy\engi
ne\default.py", line 
922, in do_execute
    cursor.execute(st
atement, parameters)
sqlite3.OperationalEr
ror: no such column: 
analysis_states.text_
extracted

The above exception 
was the direct cause 
of the following 
exception:

Traceback (most 
recent call last):
  File "C:\Users\asus
\vibecraft-2.0-1\back
end\test_reco.py", 
line 11, in <module>
    response = client
.post('/api/recommend
ations/venues', 
json={'project_id': 
1})
               ^^^^^^
^^^^^^^^^^^^^^^^^^^^^
^^^^^^^^^^^^^^^^^^^^^
^^^^^^^^^^^^^^^^^^
  File "C:\Users\asus
\vibecraft-2.0-1\back
end\venv\Lib\site-pac
kages\starlette\testc
lient.py", line 593, 
in post
    return 
super().post(
           
^^^^^^^^^^^^^
  File "C:\Users\asus
\vibecraft-2.0-1\back
end\venv\Lib\site-pac
kages\httpx\_client.p
y", line 1145, in 
post
    return 
self.request(
           
^^^^^^^^^^^^^
  File "C:\Users\asus
\vibecraft-2.0-1\back
end\venv\Lib\site-pac
kages\starlette\testc
lient.py", line 468, 
in request
    return 
super().request(
           
^^^^^^^^^^^^^^^^
  File "C:\Users\asus
\vibecraft-2.0-1\back
end\venv\Lib\site-pac
kages\httpx\_client.p
y", line 827, in 
request
    return 
self.send(request, 
auth=auth, follow_red
irects=follow_redirec
ts)
           ^^^^^^^^^^
^^^^^^^^^^^^^^^^^^^^^
^^^^^^^^^^^^^^^^^^^^^
^^^^^^^^^^^^
  File "C:\Users\asus
\vibecraft-2.0-1\back
end\venv\Lib\site-pac
kages\httpx\_client.p
y", line 914, in send
    response = self._
send_handling_auth(
               ^^^^^^
^^^^^^^^^^^^^^^^^^^
  File "C:\Users\asus
\vibecraft-2.0-1\back
end\venv\Lib\site-pac
kages\httpx\_client.p
y", line 942, in 
_send_handling_auth
    response = self._
send_handling_redirec
ts(
               ^^^^^^
^^^^^^^^^^^^^^^^^^^^^
^^^
  File "C:\Users\asus
\vibecraft-2.0-1\back
end\venv\Lib\site-pac
kages\httpx\_client.p
y", line 979, in _sen
d_handling_redirects
    response = self._
send_single_request(r
equest)
               ^^^^^^
^^^^^^^^^^^^^^^^^^^^^
^^^^^^^
  File "C:\Users\asus
\vibecraft-2.0-1\back
end\venv\Lib\site-pac
kages\httpx\_client.p
y", line 1015, in 
_send_single_request
    response = transp
ort.handle_request(re
quest)
               ^^^^^^
^^^^^^^^^^^^^^^^^^^^^
^^^^^^
  File "C:\Users\asus
\vibecraft-2.0-1\back
end\venv\Lib\site-pac
kages\starlette\testc
lient.py", line 344, 
in handle_request
    raise exc
  File "C:\Users\asus
\vibecraft-2.0-1\back
end\venv\Lib\site-pac
kages\starlette\testc
lient.py", line 341, 
in handle_request
    portal.call(self.
app, scope, receive, 
send)
  File "C:\Users\asus
\vibecraft-2.0-1\back
end\venv\Lib\site-pac
kages\anyio\from_thre
ad.py", line 334, in 
call
    return 
cast(T_Retval, self.s
tart_task_soon(func, 
*args).result())
                     
     ^^^^^^^^^^^^^^^^
^^^^^^^^^^^^^^^^^^^^^
^^^^^
  File "C:\Users\asus
\AppData\Local\Progra
ms\Python\Python311\L
ib\concurrent\futures
\_base.py", line 
456, in result
    return 
self.__get_result()
           
^^^^^^^^^^^^^^^^^^^
  File "C:\Users\asus
\AppData\Local\Progra
ms\Python\Python311\L
ib\concurrent\futures
\_base.py", line 
401, in __get_result
    raise 
self._exception
  File "C:\Users\asus
\vibecraft-2.0-1\back
end\venv\Lib\site-pac
kages\anyio\from_thre
ad.py", line 259, in 
_call_func
    retval = await 
retval_or_awaitable
             ^^^^^^^^
^^^^^^^^^^^^^^^^^
  File "C:\Users\asus
\vibecraft-2.0-1\back
end\venv\Lib\site-pac
kages\fastapi\applica
tions.py", line 
1054, in __call__
    await super().__c
all__(scope, 
receive, send)
  File "C:\Users\asus
\vibecraft-2.0-1\back
end\venv\Lib\site-pac
kages\starlette\appli
cations.py", line 
123, in __call__
    await self.middle
ware_stack(scope, 
receive, send)
  File "C:\Users\asus
\vibecraft-2.0-1\back
end\venv\Lib\site-pac
kages\starlette\middl
eware\errors.py", 
line 186, in __call__
    raise exc
  File "C:\Users\asus
\vibecraft-2.0-1\back
end\venv\Lib\site-pac
kages\starlette\middl
eware\errors.py", 
line 164, in __call__
    await 
self.app(scope, 
receive, _send)
  File "C:\Users\asus
\vibecraft-2.0-1\back
end\venv\Lib\site-pac
kages\starlette\middl
eware\cors.py", line 
83, in __call__
    await 
self.app(scope, 
receive, send)
  File "C:\Users\asus
\vibecraft-2.0-1\back
end\venv\Lib\site-pac
kages\starlette\middl
eware\exceptions.py",
 line 62, in __call__
    await wrap_app_ha
ndling_exceptions(sel
f.app, conn)(scope, 
receive, send)
  File "C:\Users\asus
\vibecraft-2.0-1\back
end\venv\Lib\site-pac
kages\starlette\_exce
ption_handler.py", 
line 64, in 
wrapped_app
    raise exc
  File "C:\Users\asus
\vibecraft-2.0-1\back
end\venv\Lib\site-pac
kages\starlette\_exce
ption_handler.py", 
line 53, in 
wrapped_app
    await app(scope, 
receive, sender)
  File "C:\Users\asus
\vibecraft-2.0-1\back
end\venv\Lib\site-pac
kages\starlette\routi
ng.py", line 762, in 
__call__
    await self.middle
ware_stack(scope, 
receive, send)
  File "C:\Users\asus
\vibecraft-2.0-1\back
end\venv\Lib\site-pac
kages\starlette\routi
ng.py", line 782, in 
app
    await 
route.handle(scope, 
receive, send)
  File "C:\Users\asus
\vibecraft-2.0-1\back
end\venv\Lib\site-pac
kages\starlette\routi
ng.py", line 297, in 
handle
    await 
self.app(scope, 
receive, send)
  File "C:\Users\asus
\vibecraft-2.0-1\back
end\venv\Lib\site-pac
kages\starlette\routi
ng.py", line 77, in 
app
    await wrap_app_ha
ndling_exceptions(app
, request)(scope, 
receive, send)
  File "C:\Users\asus
\vibecraft-2.0-1\back
end\venv\Lib\site-pac
kages\starlette\_exce
ption_handler.py", 
line 64, in 
wrapped_app
    raise exc
  File "C:\Users\asus
\vibecraft-2.0-1\back
end\venv\Lib\site-pac
kages\starlette\_exce
ption_handler.py", 
line 53, in 
wrapped_app
    await app(scope, 
receive, sender)
  File "C:\Users\asus
\vibecraft-2.0-1\back
end\venv\Lib\site-pac
kages\starlette\routi
ng.py", line 72, in 
app
    response = await 
func(request)
               
^^^^^^^^^^^^^^^^^^^
  File "C:\Users\asus
\vibecraft-2.0-1\back
end\venv\Lib\site-pac
kages\fastapi\routing
.py", line 299, in 
app
    raise e
  File "C:\Users\asus
\vibecraft-2.0-1\back
end\venv\Lib\site-pac
kages\fastapi\routing
.py", line 294, in 
app
    raw_response = 
await run_endpoint_fu
nction(
                   ^^
^^^^^^^^^^^^^^^^^^^^^
^^^^^
  File "C:\Users\asus
\vibecraft-2.0-1\back
end\venv\Lib\site-pac
kages\fastapi\routing
.py", line 193, in 
run_endpoint_function
    return await run_
in_threadpool(dependa
nt.call, **values)
           ^^^^^^^^^^
^^^^^^^^^^^^^^^^^^^^^
^^^^^^^^^^^^^^^^^^
  File "C:\Users\asus
\vibecraft-2.0-1\back
end\venv\Lib\site-pac
kages\starlette\concu
rrency.py", line 40, 
in run_in_threadpool
    return await anyi
o.to_thread.run_sync(
func, *args)
           ^^^^^^^^^^
^^^^^^^^^^^^^^^^^^^^^
^^^^^^^^^^^^
  File "C:\Users\asus
\vibecraft-2.0-1\back
end\venv\Lib\site-pac
kages\anyio\to_thread
.py", line 63, in 
run_sync
    return await get_
async_backend().run_s
ync_in_worker_thread(
           ^^^^^^^^^^
^^^^^^^^^^^^^^^^^^^^^
^^^^^^^^^^^^^^^^^^^^^
  File "C:\Users\asus
\vibecraft-2.0-1\back
end\venv\Lib\site-pac
kages\anyio\_backends
\_asyncio.py", line 
2502, in run_sync_in_
worker_thread
    return await 
future
           
^^^^^^^^^^^^
  File "C:\Users\asus
\vibecraft-2.0-1\back
end\venv\Lib\site-pac
kages\anyio\_backends
\_asyncio.py", line 
986, in run
    result = 
context.run(func, 
*args)
             ^^^^^^^^
^^^^^^^^^^^^^^^^
  File "C:\Users\asus
\vibecraft-2.0-1\back
end\main.py", line 
1890, in get_venue_re
commendations
    if db_project.ana
lysis_state:
       ^^^^^^^^^^^^^^
^^^^^^^^^^^
  File "C:\Users\asus
\vibecraft-2.0-1\back
end\venv\Lib\site-pac
kages\sqlalchemy\orm\
attributes.py", line 
566, in __get__
    return 
self.impl.get(state, 
dict_)  # type: 
ignore[no-any-return]
           ^^^^^^^^^^
^^^^^^^^^^^^^^^^^
  File "C:\Users\asus
\vibecraft-2.0-1\back
end\venv\Lib\site-pac
kages\sqlalchemy\orm\
attributes.py", line 
1086, in get
    value = self._fir
e_loader_callables(st
ate, key, passive)
            ^^^^^^^^^
^^^^^^^^^^^^^^^^^^^^^
^^^^^^^^^^^^^^^^^^
  File "C:\Users\asus
\vibecraft-2.0-1\back
end\venv\Lib\site-pac
kages\sqlalchemy\orm\
attributes.py", line 
1121, in _fire_loader
_callables
    return self.calla
ble_(state, passive)
           ^^^^^^^^^^
^^^^^^^^^^^^^^^^^^^^
  File "C:\Users\asus
\vibecraft-2.0-1\back
end\venv\Lib\site-pac
kages\sqlalchemy\orm\
strategies.py", line 
967, in 
_load_for_state
    return 
self._emit_lazyload(
           
^^^^^^^^^^^^^^^^^^^^
  File "C:\Users\asus
\vibecraft-2.0-1\back
end\venv\Lib\site-pac
kages\sqlalchemy\orm\
strategies.py", line 
1130, in 
_emit_lazyload
    result = 
session.execute(
             
^^^^^^^^^^^^^^^^
  File "C:\Users\asus
\vibecraft-2.0-1\back
end\venv\Lib\site-pac
kages\sqlalchemy\orm\
session.py", line 
2308, in execute
    return self._exec
ute_internal(
           ^^^^^^^^^^
^^^^^^^^^^^^^
  File "C:\Users\asus
\vibecraft-2.0-1\back
end\venv\Lib\site-pac
kages\sqlalchemy\orm\
session.py", line 
2190, in 
_execute_internal
    result: 
Result[Any] = compile
_state_cls.orm_execut
e_statement(
                     
     ^^^^^^^^^^^^^^^^
^^^^^^^^^^^^^^^^^^^^^
^^^
  File "C:\Users\asus
\vibecraft-2.0-1\back
end\venv\Lib\site-pac
kages\sqlalchemy\orm\
context.py", line 
293, in 
orm_execute_statement
    result = 
conn.execute(
             
^^^^^^^^^^^^^
  File "C:\Users\asus
\vibecraft-2.0-1\back
end\venv\Lib\site-pac
kages\sqlalchemy\engi
ne\base.py", line 
1416, in execute
    return meth(
           ^^^^^
  File "C:\Users\asus
\vibecraft-2.0-1\back
end\venv\Lib\site-pac
kages\sqlalchemy\sql\
elements.py", line 
517, in _execute_on_c
onnection
    return connection
._execute_clauseeleme
nt(
           ^^^^^^^^^^
^^^^^^^^^^^^^^^^^^^^^
^^^
  File "C:\Users\asus
\vibecraft-2.0-1\back
end\venv\Lib\site-pac
kages\sqlalchemy\engi
ne\base.py", line 
1639, in _execute_cla
useelement
    ret = self._execu
te_context(
          ^^^^^^^^^^^
^^^^^^^^^^^
  File "C:\Users\asus
\vibecraft-2.0-1\back
end\venv\Lib\site-pac
kages\sqlalchemy\engi
ne\base.py", line 
1848, in 
_execute_context
    return self._exec
_single_context(
           ^^^^^^^^^^
^^^^^^^^^^^^^^^^
  File "C:\Users\asus
\vibecraft-2.0-1\back
end\venv\Lib\site-pac
kages\sqlalchemy\engi
ne\base.py", line 
1988, in 
_exec_single_context
    self._handle_dbap
i_exception(
  File "C:\Users\asus
\vibecraft-2.0-1\back
end\venv\Lib\site-pac
kages\sqlalchemy\engi
ne\base.py", line 
2344, in _handle_dbap
i_exception
    raise sqlalchemy_
exception.with_traceb
ack(exc_info[2]) 
from e
  File "C:\Users\asus
\vibecraft-2.0-1\back
end\venv\Lib\site-pac
kages\sqlalchemy\engi
ne\base.py", line 
1969, in 
_exec_single_context
    self.dialect.do_e
xecute(
  File "C:\Users\asus
\vibecraft-2.0-1\back
end\venv\Lib\site-pac
kages\sqlalchemy\engi
ne\default.py", line 
922, in do_execute
    cursor.execute(st
atement, parameters)
sqlalchemy.exc.Operat
ionalError: (sqlite3.
OperationalError) no 
such column: analysis
_states.text_extracte
d
[SQL: SELECT 
analysis_states.id 
AS 
analysis_states_id, a
nalysis_states.projec
t_id AS analysis_stat
es_project_id, analys
is_states.idea_receiv
ed AS analysis_states
_idea_received, analy
sis_states.files_uplo
aded AS analysis_stat
es_files_uploaded, an
alysis_states.text_ex
tracted AS analysis_s
tates_text_extracted,
 analysis_states.evid
ence_retrieved AS ana
lysis_states_evidence
_retrieved, analysis_
states.similarity_com
puted AS analysis_sta
tes_similarity_comput
ed, analysis_states.n
ovelty_risk AS analys
is_states_novelty_ris
k, analysis_states.ma
x_similarity_score 
AS analysis_states_ma
x_similarity_score, a
nalysis_states.top_ev
idence_id AS analysis
_states_top_evidence_
id, analysis_states.a
nalysis_status AS ana
lysis_states_analysis
_status, analysis_sta
tes.ai_explanations_g
enerated AS analysis_
states_ai_explanation
s_generated, analysis
_states.last_ai_actio
n AS analysis_states_
last_ai_action, analy
sis_states.last_ai_ti
mestamp AS analysis_s
tates_last_ai_timesta
mp, analysis_states.n
otes AS analysis_stat
es_notes, analysis_st
ates.retrieval_notes 
AS analysis_states_re
trieval_notes, analys
is_states.comparison_
generated AS analysis
_states_comparison_ge
nerated, analysis_sta
tes.comparison_versio
n AS analysis_states_
comparison_version, a
nalysis_states.update
d_at AS analysis_stat
es_updated_at 
FROM analysis_states 
WHERE ? = analysis_st
ates.project_id]
[parameters: (1,)]
(Background on this 
error at: https://sql
alche.me/e/20/e3q8)
